
/------------------------------------------------------------------------------\
ModelEditor Hybrid (compiled at Oct  9 2010 at 07:21:34) starting on Sun Oct 25 00:26:37 2020
ModelEditor.init
PostProcessing.init()
PostProcessing: computeBuffer1 (160 x 95)
PostProcessing: computeBuffer2 (160 x 95)
PostProcessing: backBufferCopy (1286 x 763)
PostProcessing: downSample1 (643 x 381)
PostProcessing: downSample3 (160 x 95)
PostProcessing: downSample2 (321 x 190)
PostProcessing: total memory used by default RenderTargets : 10.17 MB
ModelEditor.fini
PostProcessing.fini()
RenderTargets.fini()
PostProcessing.Phases.fini()

/------------------------------------------------------------------------------\
ModelEditor Hybrid (compiled at Oct  9 2010 at 07:21:34) starting on Sun Oct 25 00:27:14 2020
ModelEditor.init
PostProcessing.init()
PostProcessing: computeBuffer1 (160 x 95)
PostProcessing: computeBuffer2 (160 x 95)
PostProcessing: backBufferCopy (1286 x 763)
PostProcessing: downSample1 (643 x 381)
PostProcessing: downSample3 (160 x 95)
PostProcessing: downSample2 (321 x 190)
PostProcessing: total memory used by default RenderTargets : 10.17 MB
ModelEditor.fini
PostProcessing.fini()
RenderTargets.fini()
PostProcessing.Phases.fini()

/------------------------------------------------------------------------------\
ModelEditor Hybrid (compiled at Oct  9 2010 at 07:21:34) starting on Thu Nov 05 23:24:09 2020
ModelEditor.init
PostProcessing.init()
PostProcessing: computeBuffer1 (160 x 95)
PostProcessing: computeBuffer2 (160 x 95)
PostProcessing: backBufferCopy (1286 x 763)
PostProcessing: downSample1 (643 x 381)
PostProcessing: downSample3 (160 x 95)
PostProcessing: downSample2 (321 x 190)
PostProcessing: total memory used by default RenderTargets : 10.17 MB
ModelEditor.fini
PostProcessing.fini()
RenderTargets.fini()
PostProcessing.Phases.fini()

/------------------------------------------------------------------------------\
ModelEditor Hybrid (compiled at Oct  9 2010 at 07:21:34) starting on Fri Nov 06 01:16:22 2020
ModelEditor.init
PostProcessing.init()
PostProcessing: computeBuffer1 (160 x 95)
PostProcessing: computeBuffer2 (160 x 95)
PostProcessing: backBufferCopy (1286 x 763)
PostProcessing: downSample1 (643 x 381)
PostProcessing: downSample3 (160 x 95)
PostProcessing: downSample2 (321 x 190)
PostProcessing: total memory used by default RenderTargets : 10.17 MB
ModelEditor.fini
PostProcessing.fini()
RenderTargets.fini()
PostProcessing.Phases.fini()

/------------------------------------------------------------------------------\
ModelEditor Hybrid (compiled at Oct  9 2010 at 07:21:34) starting on Fri Nov 06 09:57:00 2020
ModelEditor.init
PostProcessing.init()
PostProcessing: computeBuffer1 (160 x 95)
PostProcessing: computeBuffer2 (160 x 95)
PostProcessing: backBufferCopy (1286 x 763)
PostProcessing: downSample1 (643 x 381)
PostProcessing: downSample3 (160 x 95)
PostProcessing: downSample2 (321 x 190)
PostProcessing: total memory used by default RenderTargets : 10.17 MB
ModelEditor.fini
PostProcessing.fini()
RenderTargets.fini()
PostProcessing.Phases.fini()

/------------------------------------------------------------------------------\
ModelEditor Hybrid (compiled at Oct  9 2010 at 07:21:34) starting on Fri Nov 06 12:26:43 2020
ModelEditor.init
PostProcessing.init()
PostProcessing: computeBuffer1 (160 x 95)
PostProcessing: computeBuffer2 (160 x 95)
PostProcessing: backBufferCopy (1286 x 763)
PostProcessing: downSample1 (643 x 381)
PostProcessing: downSample3 (160 x 95)
PostProcessing: downSample2 (321 x 190)
PostProcessing: total memory used by default RenderTargets : 10.17 MB
ModelEditor.fini
PostProcessing.fini()
RenderTargets.fini()
PostProcessing.Phases.fini()

/------------------------------------------------------------------------------\
ModelEditor Hybrid (compiled at Oct  9 2010 at 07:21:34) starting on Sat Nov 07 11:20:32 2020
ModelEditor.init
PostProcessing.init()
PostProcessing: computeBuffer1 (160 x 95)
PostProcessing: computeBuffer2 (160 x 95)
PostProcessing: backBufferCopy (1286 x 763)
PostProcessing: downSample1 (643 x 381)
PostProcessing: downSample3 (160 x 95)
PostProcessing: downSample2 (321 x 190)
PostProcessing: total memory used by default RenderTargets : 10.17 MB
ModelEditor.fini
PostProcessing.fini()
RenderTargets.fini()
PostProcessing.Phases.fini()
